
         /\      Grafana   /‾‾/  
    /\  /  \     |\  __   /  /   
   /  \/    \    | |/ /  /   ‾‾\ 
  /          \   |   (  |  (‾)  |
 / __________ \  |_|\_\  \_____/ 

     execution: local
        script: test/test.js
        output: -

     scenarios: (100.00%) 1 scenario, 250 max VUs, 2m10s max duration (incl. graceful stop):
              * default: Up to 900.00 iterations/s for 2m0s over 1 stages (maxVUs: 100-250, gracefulStop: 10s)

time="2026-05-15T11:54:52-03:00" level=info msg="Dataset: 54100 entries, 24058 fraud (0.4447%), 30042 legit (0.5553%), edge cases: 0.0147%" source=console

running (0m01.0s), 000/100 VUs, 4 complete and 0 interrupted iterations
default   [   1% ] 000/100 VUs  0m01.0s/2m0s  008.26 iters/s

running (0m02.0s), 000/100 VUs, 16 complete and 0 interrupted iterations
default   [   2% ] 000/100 VUs  0m02.0s/2m0s  015.75 iters/s

running (0m03.0s), 000/100 VUs, 36 complete and 0 interrupted iterations
default   [   2% ] 000/100 VUs  0m03.0s/2m0s  023.41 iters/s

running (0m04.0s), 000/100 VUs, 63 complete and 0 interrupted iterations
default   [   3% ] 000/100 VUs  0m04.0s/2m0s  030.86 iters/s

running (0m05.0s), 000/100 VUs, 98 complete and 0 interrupted iterations
default   [   4% ] 000/100 VUs  0m05.0s/2m0s  038.43 iters/s

running (0m06.0s), 000/100 VUs, 140 complete and 0 interrupted iterations
default   [   5% ] 000/100 VUs  0m06.0s/2m0s  045.89 iters/s

running (0m07.0s), 001/100 VUs, 189 complete and 0 interrupted iterations
default   [   6% ] 001/100 VUs  0m07.0s/2m0s  053.44 iters/s

running (0m08.0s), 001/100 VUs, 246 complete and 0 interrupted iterations
default   [   7% ] 001/100 VUs  0m08.0s/2m0s  060.90 iters/s

running (0m09.0s), 001/100 VUs, 311 complete and 0 interrupted iterations
default   [   7% ] 001/100 VUs  0m09.0s/2m0s  068.43 iters/s

running (0m10.0s), 001/100 VUs, 383 complete and 0 interrupted iterations
default   [   8% ] 001/100 VUs  0m10.0s/2m0s  075.91 iters/s

running (0m11.0s), 000/100 VUs, 463 complete and 0 interrupted iterations
default   [   9% ] 000/100 VUs  0m11.0s/2m0s  083.34 iters/s

running (0m12.0s), 001/100 VUs, 550 complete and 0 interrupted iterations
default   [  10% ] 001/100 VUs  0m12.0s/2m0s  090.91 iters/s

running (0m13.0s), 001/100 VUs, 644 complete and 0 interrupted iterations
default   [  11% ] 001/100 VUs  0m13.0s/2m0s  098.35 iters/s

running (0m14.0s), 001/100 VUs, 746 complete and 0 interrupted iterations
default   [  12% ] 001/100 VUs  0m14.0s/2m0s  105.83 iters/s

running (0m15.0s), 001/100 VUs, 856 complete and 0 interrupted iterations
default   [  12% ] 001/100 VUs  0m15.0s/2m0s  113.35 iters/s

running (0m16.0s), 001/100 VUs, 973 complete and 0 interrupted iterations
default   [  13% ] 001/100 VUs  0m16.0s/2m0s  120.84 iters/s

running (0m17.0s), 002/100 VUs, 1097 complete and 0 interrupted iterations
default   [  14% ] 002/100 VUs  0m17.0s/2m0s  128.36 iters/s

running (0m18.0s), 002/100 VUs, 1229 complete and 0 interrupted iterations
default   [  15% ] 002/100 VUs  0m18.0s/2m0s  135.84 iters/s

running (0m19.0s), 001/100 VUs, 1369 complete and 0 interrupted iterations
default   [  16% ] 001/100 VUs  0m19.0s/2m0s  143.30 iters/s

running (0m20.0s), 001/100 VUs, 1516 complete and 0 interrupted iterations
default   [  17% ] 001/100 VUs  0m20.0s/2m0s  150.79 iters/s

running (0m21.0s), 002/100 VUs, 1670 complete and 0 interrupted iterations
default   [  17% ] 002/100 VUs  0m21.0s/2m0s  158.31 iters/s

running (0m22.0s), 002/100 VUs, 1832 complete and 0 interrupted iterations
default   [  18% ] 002/100 VUs  0m22.0s/2m0s  165.79 iters/s

running (0m23.0s), 001/100 VUs, 2002 complete and 0 interrupted iterations
default   [  19% ] 001/100 VUs  0m23.0s/2m0s  173.26 iters/s

running (0m24.0s), 002/100 VUs, 2178 complete and 0 interrupted iterations
default   [  20% ] 002/100 VUs  0m24.0s/2m0s  180.75 iters/s

running (0m25.0s), 002/100 VUs, 2363 complete and 0 interrupted iterations
default   [  21% ] 002/100 VUs  0m25.0s/2m0s  188.27 iters/s

running (0m26.0s), 002/100 VUs, 2555 complete and 0 interrupted iterations
default   [  22% ] 002/100 VUs  0m26.0s/2m0s  195.76 iters/s

running (0m27.0s), 003/100 VUs, 2754 complete and 0 interrupted iterations
default   [  22% ] 003/100 VUs  0m27.0s/2m0s  203.27 iters/s

running (0m28.0s), 002/100 VUs, 2961 complete and 0 interrupted iterations
default   [  23% ] 002/100 VUs  0m28.0s/2m0s  210.72 iters/s

running (0m29.0s), 003/100 VUs, 3175 complete and 0 interrupted iterations
default   [  24% ] 003/100 VUs  0m29.0s/2m0s  218.23 iters/s

running (0m30.0s), 003/100 VUs, 3397 complete and 0 interrupted iterations
default   [  25% ] 003/100 VUs  0m30.0s/2m0s  225.73 iters/s

running (0m31.0s), 002/100 VUs, 3627 complete and 0 interrupted iterations
default   [  26% ] 002/100 VUs  0m31.0s/2m0s  233.20 iters/s

running (0m32.0s), 002/100 VUs, 3864 complete and 0 interrupted iterations
default   [  27% ] 002/100 VUs  0m32.0s/2m0s  240.69 iters/s

running (0m33.0s), 003/100 VUs, 4108 complete and 0 interrupted iterations
default   [  27% ] 003/100 VUs  0m33.0s/2m0s  248.20 iters/s

running (0m34.0s), 004/100 VUs, 4359 complete and 0 interrupted iterations
default   [  28% ] 004/100 VUs  0m34.0s/2m0s  255.70 iters/s

running (0m35.0s), 003/100 VUs, 4619 complete and 0 interrupted iterations
default   [  29% ] 003/100 VUs  0m35.0s/2m0s  263.18 iters/s

running (0m36.0s), 003/100 VUs, 4886 complete and 0 interrupted iterations
default   [  30% ] 003/100 VUs  0m36.0s/2m0s  270.67 iters/s

running (0m37.0s), 004/100 VUs, 5160 complete and 0 interrupted iterations
default   [  31% ] 004/100 VUs  0m37.0s/2m0s  278.18 iters/s

running (0m38.0s), 005/100 VUs, 5440 complete and 0 interrupted iterations
default   [  32% ] 005/100 VUs  0m38.0s/2m0s  285.64 iters/s

running (0m39.0s), 004/100 VUs, 5731 complete and 0 interrupted iterations
default   [  32% ] 004/100 VUs  0m39.0s/2m0s  293.15 iters/s

running (0m40.0s), 004/100 VUs, 6028 complete and 0 interrupted iterations
default   [  33% ] 004/100 VUs  0m40.0s/2m0s  300.65 iters/s

running (0m41.0s), 003/100 VUs, 6333 complete and 0 interrupted iterations
default   [  34% ] 003/100 VUs  0m41.0s/2m0s  308.13 iters/s

running (0m42.0s), 004/100 VUs, 6644 complete and 0 interrupted iterations
default   [  35% ] 004/100 VUs  0m42.0s/2m0s  315.62 iters/s

running (0m43.0s), 003/100 VUs, 6964 complete and 0 interrupted iterations
default   [  36% ] 003/100 VUs  0m43.0s/2m0s  323.11 iters/s

running (0m44.0s), 004/100 VUs, 7290 complete and 0 interrupted iterations
default   [  37% ] 004/100 VUs  0m44.0s/2m0s  330.60 iters/s

running (0m45.0s), 010/100 VUs, 7619 complete and 0 interrupted iterations
default   [  37% ] 010/100 VUs  0m45.0s/2m0s  338.11 iters/s

running (0m46.0s), 003/100 VUs, 7967 complete and 0 interrupted iterations
default   [  38% ] 003/100 VUs  0m46.0s/2m0s  345.58 iters/s

running (0m47.0s), 004/100 VUs, 8316 complete and 0 interrupted iterations
default   [  39% ] 004/100 VUs  0m47.0s/2m0s  353.09 iters/s

running (0m48.0s), 006/100 VUs, 8671 complete and 0 interrupted iterations
default   [  40% ] 006/100 VUs  0m48.0s/2m0s  360.58 iters/s

running (0m49.0s), 006/100 VUs, 9035 complete and 0 interrupted iterations
default   [  41% ] 006/100 VUs  0m49.0s/2m0s  368.07 iters/s

running (0m50.0s), 005/100 VUs, 9408 complete and 0 interrupted iterations
default   [  42% ] 005/100 VUs  0m50.0s/2m0s  375.56 iters/s

running (0m51.0s), 009/100 VUs, 9786 complete and 0 interrupted iterations
default   [  43% ] 009/100 VUs  0m51.0s/2m0s  383.11 iters/s

running (0m52.0s), 005/100 VUs, 10174 complete and 0 interrupted iterations
default   [  43% ] 005/100 VUs  0m52.0s/2m0s  390.54 iters/s

running (0m53.0s), 005/100 VUs, 10568 complete and 0 interrupted iterations
default   [  44% ] 005/100 VUs  0m53.0s/2m0s  398.03 iters/s

running (0m54.0s), 005/100 VUs, 10970 complete and 0 interrupted iterations
default   [  45% ] 005/100 VUs  0m54.0s/2m0s  405.53 iters/s

running (0m55.0s), 005/100 VUs, 11379 complete and 0 interrupted iterations
default   [  46% ] 005/100 VUs  0m55.0s/2m0s  413.01 iters/s

running (0m56.0s), 009/100 VUs, 11792 complete and 0 interrupted iterations
default   [  47% ] 009/100 VUs  0m56.0s/2m0s  420.51 iters/s

running (0m57.0s), 005/100 VUs, 12220 complete and 0 interrupted iterations
default   [  47% ] 005/100 VUs  0m57.0s/2m0s  427.99 iters/s

running (0m58.0s), 007/100 VUs, 12650 complete and 0 interrupted iterations
default   [  48% ] 007/100 VUs  0m58.0s/2m0s  435.49 iters/s

running (0m59.0s), 006/100 VUs, 13090 complete and 0 interrupted iterations
default   [  49% ] 006/100 VUs  0m59.0s/2m0s  442.98 iters/s

running (1m00.0s), 006/100 VUs, 13537 complete and 0 interrupted iterations
default   [  50% ] 006/100 VUs  1m00.0s/2m0s  450.48 iters/s

running (1m01.0s), 006/100 VUs, 13991 complete and 0 interrupted iterations
default   [  51% ] 006/100 VUs  1m01.0s/2m0s  457.96 iters/s

running (1m02.0s), 009/100 VUs, 14450 complete and 0 interrupted iterations
default   [  52% ] 009/100 VUs  1m02.0s/2m0s  465.46 iters/s

running (1m03.0s), 014/100 VUs, 14914 complete and 0 interrupted iterations
default   [  52% ] 014/100 VUs  1m03.0s/2m0s  472.95 iters/s

running (1m04.0s), 008/100 VUs, 15397 complete and 0 interrupted iterations
default   [  53% ] 008/100 VUs  1m04.0s/2m0s  480.44 iters/s

running (1m05.0s), 008/100 VUs, 15881 complete and 0 interrupted iterations
default   [  54% ] 008/100 VUs  1m05.0s/2m0s  487.93 iters/s

running (1m06.0s), 019/100 VUs, 16361 complete and 0 interrupted iterations
default   [  55% ] 019/100 VUs  1m06.0s/2m0s  495.43 iters/s

running (1m07.0s), 008/100 VUs, 16873 complete and 0 interrupted iterations
default   [  56% ] 008/100 VUs  1m07.0s/2m0s  502.93 iters/s

running (1m08.0s), 016/100 VUs, 17372 complete and 0 interrupted iterations
default   [  57% ] 016/100 VUs  1m08.0s/2m0s  510.43 iters/s

running (1m09.0s), 040/100 VUs, 17861 complete and 0 interrupted iterations
default   [  57% ] 040/100 VUs  1m09.0s/2m0s  517.90 iters/s

running (1m10.0s), 066/100 VUs, 18356 complete and 0 interrupted iterations
default   [  58% ] 066/100 VUs  1m10.0s/2m0s  525.39 iters/s

running (1m11.0s), 096/101 VUs, 18856 complete and 0 interrupted iterations
default   [  59% ] 096/101 VUs  1m11.0s/2m0s  532.91 iters/s

running (1m12.0s), 116/116 VUs, 19354 complete and 0 interrupted iterations
default   [  60% ] 116/116 VUs  1m12.0s/2m0s  540.37 iters/s

running (1m13.0s), 129/133 VUs, 19856 complete and 0 interrupted iterations
default   [  61% ] 129/133 VUs  1m13.0s/2m0s  547.86 iters/s

running (1m14.0s), 151/152 VUs, 20365 complete and 0 interrupted iterations
default   [  62% ] 151/152 VUs  1m14.0s/2m0s  555.37 iters/s

running (1m15.0s), 176/185 VUs, 20856 complete and 0 interrupted iterations
default   [  63% ] 176/185 VUs  1m15.0s/2m0s  562.86 iters/s

running (1m16.0s), 208/210 VUs, 21358 complete and 0 interrupted iterations
default   [  63% ] 208/210 VUs  1m16.0s/2m0s  570.33 iters/s

running (1m17.0s), 244/247 VUs, 21857 complete and 0 interrupted iterations
default   [  64% ] 244/247 VUs  1m17.0s/2m0s  577.89 iters/s
time="2026-05-15T11:56:09-03:00" level=warning msg="Insufficient VUs, reached 250 active VUs and cannot initialize more" executor=ramping-arrival-rate scenario=default

running (1m18.0s), 250/250 VUs, 22342 complete and 0 interrupted iterations
default   [  65% ] 250/250 VUs  1m18.0s/2m0s  585.34 iters/s

running (1m19.0s), 248/250 VUs, 22846 complete and 0 interrupted iterations
default   [  66% ] 248/250 VUs  1m19.0s/2m0s  592.81 iters/s

running (1m20.0s), 248/250 VUs, 23369 complete and 0 interrupted iterations
default   [  67% ] 248/250 VUs  1m20.0s/2m0s  600.31 iters/s

running (1m21.0s), 246/250 VUs, 23881 complete and 0 interrupted iterations
default   [  67% ] 246/250 VUs  1m21.0s/2m0s  607.80 iters/s

running (1m22.0s), 248/250 VUs, 24382 complete and 0 interrupted iterations
default   [  68% ] 248/250 VUs  1m22.0s/2m0s  615.29 iters/s

running (1m23.0s), 249/250 VUs, 24888 complete and 0 interrupted iterations
default   [  69% ] 249/250 VUs  1m23.0s/2m0s  622.78 iters/s

running (1m24.0s), 249/250 VUs, 25379 complete and 0 interrupted iterations
default   [  70% ] 249/250 VUs  1m24.0s/2m0s  630.28 iters/s

running (1m25.0s), 236/250 VUs, 25882 complete and 0 interrupted iterations
default   [  71% ] 236/250 VUs  1m25.0s/2m0s  637.75 iters/s

running (1m26.0s), 248/250 VUs, 26363 complete and 0 interrupted iterations
default   [  72% ] 248/250 VUs  1m26.0s/2m0s  645.25 iters/s

running (1m27.0s), 248/250 VUs, 26873 complete and 0 interrupted iterations
default   [  73% ] 248/250 VUs  1m27.0s/2m0s  652.81 iters/s

running (1m28.0s), 245/250 VUs, 27373 complete and 0 interrupted iterations
default   [  73% ] 245/250 VUs  1m28.0s/2m0s  660.32 iters/s

running (1m29.0s), 246/250 VUs, 27862 complete and 0 interrupted iterations
default   [  74% ] 246/250 VUs  1m29.0s/2m0s  667.73 iters/s

running (1m30.0s), 248/250 VUs, 28347 complete and 0 interrupted iterations
default   [  75% ] 248/250 VUs  1m30.0s/2m0s  675.22 iters/s

running (1m31.0s), 250/250 VUs, 28842 complete and 0 interrupted iterations
default   [  76% ] 250/250 VUs  1m31.0s/2m0s  682.71 iters/s

running (1m32.0s), 247/250 VUs, 29307 complete and 0 interrupted iterations
default   [  77% ] 247/250 VUs  1m32.0s/2m0s  690.21 iters/s

running (1m33.0s), 249/250 VUs, 29761 complete and 0 interrupted iterations
default   [  77% ] 249/250 VUs  1m33.0s/2m0s  697.69 iters/s

running (1m34.0s), 248/250 VUs, 30217 complete and 0 interrupted iterations
default   [  78% ] 248/250 VUs  1m34.0s/2m0s  705.19 iters/s

running (1m35.0s), 249/250 VUs, 30676 complete and 0 interrupted iterations
default   [  79% ] 249/250 VUs  1m35.0s/2m0s  712.68 iters/s

running (1m36.0s), 248/250 VUs, 31157 complete and 0 interrupted iterations
default   [  80% ] 248/250 VUs  1m36.0s/2m0s  720.17 iters/s

running (1m37.0s), 249/250 VUs, 31655 complete and 0 interrupted iterations
default   [  81% ] 249/250 VUs  1m37.0s/2m0s  727.66 iters/s

running (1m38.0s), 248/250 VUs, 32154 complete and 0 interrupted iterations
default   [  82% ] 248/250 VUs  1m38.0s/2m0s  735.16 iters/s

running (1m39.0s), 245/250 VUs, 32662 complete and 0 interrupted iterations
default   [  83% ] 245/250 VUs  1m39.0s/2m0s  742.63 iters/s

running (1m40.0s), 250/250 VUs, 33178 complete and 0 interrupted iterations
default   [  83% ] 250/250 VUs  1m40.0s/2m0s  750.14 iters/s

running (1m41.0s), 249/250 VUs, 33687 complete and 0 interrupted iterations
default   [  84% ] 249/250 VUs  1m41.0s/2m0s  757.63 iters/s

running (1m42.0s), 249/250 VUs, 34206 complete and 0 interrupted iterations
default   [  85% ] 249/250 VUs  1m42.0s/2m0s  765.12 iters/s

running (1m43.0s), 248/250 VUs, 34717 complete and 0 interrupted iterations
default   [  86% ] 248/250 VUs  1m43.0s/2m0s  772.61 iters/s

running (1m44.0s), 249/250 VUs, 35226 complete and 0 interrupted iterations
default   [  87% ] 248/250 VUs  1m44.0s/2m0s  780.10 iters/s

running (1m45.0s), 249/250 VUs, 35745 complete and 0 interrupted iterations
default   [  87% ] 249/250 VUs  1m45.0s/2m0s  787.59 iters/s

running (1m46.0s), 250/250 VUs, 36268 complete and 0 interrupted iterations
default   [  88% ] 250/250 VUs  1m46.0s/2m0s  795.15 iters/s

running (1m47.0s), 250/250 VUs, 36783 complete and 0 interrupted iterations
default   [  89% ] 250/250 VUs  1m47.0s/2m0s  802.58 iters/s

running (1m48.0s), 250/250 VUs, 37283 complete and 0 interrupted iterations
default   [  90% ] 250/250 VUs  1m48.0s/2m0s  810.07 iters/s

running (1m49.0s), 249/250 VUs, 37780 complete and 0 interrupted iterations
default   [  91% ] 249/250 VUs  1m49.0s/2m0s  817.57 iters/s

running (1m50.0s), 250/250 VUs, 38279 complete and 0 interrupted iterations
default   [  92% ] 250/250 VUs  1m50.0s/2m0s  825.06 iters/s

running (1m51.0s), 248/250 VUs, 38770 complete and 0 interrupted iterations
default   [  92% ] 248/250 VUs  1m51.0s/2m0s  832.55 iters/s

running (1m52.0s), 250/250 VUs, 39270 complete and 0 interrupted iterations
default   [  93% ] 250/250 VUs  1m52.0s/2m0s  840.04 iters/s

running (1m53.0s), 250/250 VUs, 39773 complete and 0 interrupted iterations
default   [  94% ] 250/250 VUs  1m53.0s/2m0s  847.53 iters/s

running (1m54.0s), 250/250 VUs, 40283 complete and 0 interrupted iterations
default   [  95% ] 250/250 VUs  1m54.0s/2m0s  855.02 iters/s

running (1m55.0s), 249/250 VUs, 40799 complete and 0 interrupted iterations
default   [  96% ] 249/250 VUs  1m55.0s/2m0s  862.51 iters/s

running (1m56.0s), 249/250 VUs, 41305 complete and 0 interrupted iterations
default   [  97% ] 249/250 VUs  1m56.0s/2m0s  870.00 iters/s

running (1m57.0s), 244/250 VUs, 41759 complete and 0 interrupted iterations
default   [  98% ] 244/250 VUs  1m57.0s/2m0s  877.50 iters/s

running (1m58.0s), 248/250 VUs, 42161 complete and 0 interrupted iterations
default   [  98% ] 248/250 VUs  1m58.0s/2m0s  884.99 iters/s

running (1m59.0s), 250/250 VUs, 42510 complete and 0 interrupted iterations
default   [  99% ] 250/250 VUs  1m59.0s/2m0s  892.48 iters/s

running (2m00.0s), 248/250 VUs, 42848 complete and 0 interrupted iterations
default   [ 100% ] 248/250 VUs  2m00.0s/2m0s  899.97 iters/s

running (2m00.6s), 000/250 VUs, 43098 complete and 0 interrupted iterations
default ✓ [ 100% ] 000/250 VUs  2m0s  900.00 iters/s
